<testsuites id="" name="" tests="0" failures="0" skipped="0" errors="0" time="0.03239499999999998">
</testsuites>